{
  "classId": "85131",
  "className": "アルゴリズムとデータ構造２",
  "directories": [
    {
      "directoryId": "1214705",
      "title": "第1回 マージと分割統治法"
    },
    {
      "directoryId": "1214706",
      "title": "第2回 クイックソート"
    },
    {
      "directoryId": "1214707",
      "title": "第3回 構造体、ポインターによるデータ構造の定義"
    },
    {
      "directoryId": "1214708",
      "title": "第4回 リスト構造"
    },
    {
      "directoryId": "1214709",
      "title": "第5回 リスト構造の実現"
    },
    {
      "directoryId": "1214710",
      "title": "第6回 スタックとキュー"
    },
    {
      "directoryId": "1214711",
      "title": "第7回 スタックとキューの実現"
    },
    {
      "directoryId": "1214712",
      "title": "第8回 グラフ"
    },
    {
      "directoryId": "1214713",
      "title": "第9回 グラフの基本探索アルゴリズム"
    },
    {
      "directoryId": "1214714",
      "title": "第10回 グラフの基本探索アルゴリズムの実現"
    },
    {
      "directoryId": "1214715",
      "title": "第11回 洗練された探索アルゴリズム"
    },
    {
      "directoryId": "1214716",
      "title": "第12回 木構造と二分探索木"
    },
    {
      "directoryId": "1214717",
      "title": "第13回 二分探索木の実現と基本操作"
    },
    {
      "directoryId": "1214718",
      "title": "第14回 ヒープ"
    },
    {
      "directoryId": "1214719",
      "title": "第15回 ヒープの実現と基本操作"
    }
  ]
}