{
  "selectedTabId": "newslist_01",
  "tabs": [
    {
      "id": "newslist_01",
      "title": "教務",
      "entries": [
        {
          "category": "入試",
          "status": "未読",
          "title": "06/20 学部学科変更試験 願書配布について",
          "link": "/uniprove_pt/UnFunctionJump?ypMDgmAO%2Fo9WpGFC8Hdyug%3D%3D=eGYTkD0KJ8Q%3D&%2Fsie%2BHYZd5EtfqH%2FAStDmvn9hMxDLdhK=b3WyasdCsVnnGTHA3IE6oB%2BdBO0DXQpb&"
        },
        {
          "category": "教務",
          "status": "既読　添付あり",
          "title": "06/13 小説創作指導講座のお知らせ",
          "link": "/uniprove_pt/UnFunctionJump?ypMDgmAO%2Fo9WpGFC8Hdyug%3D%3D=MSHFK%2B8zU5M%3D&%2Fsie%2BHYZd5EtfqH%2FAStDmvn9hMxDLdhK=b3WyasdCsVnnGTHA3IE6oB%2BdBO0DXQpb&"
        },
        {
          "category": "教務",
          "status": "既読　添付あり",
          "title": "06/01 負傷・疾病による履修科目の取消について",
          "link": "/uniprove_pt/UnFunctionJump?ypMDgmAO%2Fo9WpGFC8Hdyug%3D%3D=z2Rtqwdr9y4%3D&%2Fsie%2BHYZd5EtfqH%2FAStDmvn9hMxDLdhK=b3WyasdCsVnnGTHA3IE6oB%2BdBO0DXQpb&"
        },
        {
          "category": "大学院",
          "status": "未読",
          "title": "05/15 大学院入学試験要項の配布について",
          "link": "/uniprove_pt/UnFunctionJump?ypMDgmAO%2Fo9WpGFC8Hdyug%3D%3D=MVVFkMQIfH0%3D&%2Fsie%2BHYZd5EtfqH%2FAStDmvn9hMxDLdhK=b3WyasdCsVnnGTHA3IE6oB%2BdBO0DXQpb&"
        },
        {
          "category": "教務",
          "status": "未読",
          "title": "05/13 交換留学説明会（5/16昼）",
          "link": "/uniprove_pt/UnFunctionJump?ypMDgmAO%2Fo9WpGFC8Hdyug%3D%3D=Q%2FZnEiOodyA%3D&%2Fsie%2BHYZd5EtfqH%2FAStDmvn9hMxDLdhK=b3WyasdCsVnnGTHA3IE6oB%2BdBO0DXQpb&"
        },
        {
          "category": "教務",
          "status": "既読　添付あり",
          "title": "【重要】 04/01 【重要】試験における不正行為の取扱い変更について（規程改正のお知らせ）",
          "link": "/uniprove_pt/UnFunctionJump?ypMDgmAO%2Fo9WpGFC8Hdyug%3D%3D=xI43665VrWw%3D&%2Fsie%2BHYZd5EtfqH%2FAStDmvn9hMxDLdhK=b3WyasdCsVnnGTHA3IE6oB%2BdBO0DXQpb&"
        }
      ]
    },
    {
      "id": "newslist_02",
      "title": "学生生活",
      "entries": [
        {
          "category": "学生生活",
          "status": "未読　添付あり",
          "title": "06/20 「NPO 企業 協働セミナー」 参加大学生募集！（締切7/12）",
          "link": "/uniprove_pt/UnFunctionJump?ypMDgmAO%2Fo9WpGFC8Hdyug%3D%3D=b9VEtFPI2t8%3D&%2Fsie%2BHYZd5EtfqH%2FAStDmvn9hMxDLdhK=b3WyasdCsVnnGTHA3IE6oB%2BdBO0DXQpb&"
        },
        {
          "category": "課外活動",
          "status": "未読　添付あり",
          "title": "06/18 締切迫る！学生広報スタッフ『ライト』（４期生）募集中！！",
          "link": "/uniprove_pt/UnFunctionJump?ypMDgmAO%2Fo9WpGFC8Hdyug%3D%3D=Z8%2FsvC7qDaU%3D&%2Fsie%2BHYZd5EtfqH%2FAStDmvn9hMxDLdhK=b3WyasdCsVnnGTHA3IE6oB%2BdBO0DXQpb&"
        },
        {
          "category": "学生生活",
          "status": "未読　添付あり",
          "title": "06/16 【豊田市】有償インターンシップ生募集！（※定員15名になり次第締切）",
          "link": "/uniprove_pt/UnFunctionJump?ypMDgmAO%2Fo9WpGFC8Hdyug%3D%3D=rncTeCx0CfM%3D&%2Fsie%2BHYZd5EtfqH%2FAStDmvn9hMxDLdhK=b3WyasdCsVnnGTHA3IE6oB%2BdBO0DXQpb&"
        },
        {
          "category": "保健室",
          "status": "未読　添付あり",
          "title": "06/16 CUVE ＆ 保健室コラボ企画！！◆◇保健だより◇◆",
          "link": "/uniprove_pt/UnFunctionJump?ypMDgmAO%2Fo9WpGFC8Hdyug%3D%3D=IdU3h%2BdmR%2FM%3D&%2Fsie%2BHYZd5EtfqH%2FAStDmvn9hMxDLdhK=b3WyasdCsVnnGTHA3IE6oB%2BdBO0DXQpb&"
        },
        {
          "category": "課外活動",
          "status": "未読　添付あり",
          "title": "06/13 あなたの「なぜ？」にプロフェッショナルが答えます！（第3弾 ハルトノ ピトヨ教授）",
          "link": "/uniprove_pt/UnFunctionJump?ypMDgmAO%2Fo9WpGFC8Hdyug%3D%3D=GhODYiXqdL0%3D&%2Fsie%2BHYZd5EtfqH%2FAStDmvn9hMxDLdhK=b3WyasdCsVnnGTHA3IE6oB%2BdBO0DXQpb&"
        },
        {
          "category": "奨学金",
          "status": "未読",
          "title": "06/11 【奨学金】令和8年度（公財）中島記念国際交流財団 日本人海外留学奨学生等 募集について",
          "link": "/uniprove_pt/UnFunctionJump?ypMDgmAO%2Fo9WpGFC8Hdyug%3D%3D=gEJyqw8jBJQ%3D&%2Fsie%2BHYZd5EtfqH%2FAStDmvn9hMxDLdhK=b3WyasdCsVnnGTHA3IE6oB%2BdBO0DXQpb&"
        }
      ]
    },
    {
      "id": "newslist_03",
      "title": "教職",
      "entries": []
    },
    {
      "id": "newslist_04",
      "title": "ｷｬﾘｱ・資格",
      "entries": [
        {
          "category": "資格",
          "status": "未読　添付あり",
          "title": "06/20 【資格センター】２級FP講座〔予約〕好評受付中！",
          "link": "/uniprove_pt/UnFunctionJump?ypMDgmAO%2Fo9WpGFC8Hdyug%3D%3D=o4ZCBzKrunU%3D&%2Fsie%2BHYZd5EtfqH%2FAStDmvn9hMxDLdhK=b3WyasdCsVnnGTHA3IE6oB%2BdBO0DXQpb&"
        },
        {
          "category": "資格",
          "status": "未読　添付あり",
          "title": "06/19 【２年生対象】「公務員 二次試験対策講座」まもなく受付終了",
          "link": "/uniprove_pt/UnFunctionJump?ypMDgmAO%2Fo9WpGFC8Hdyug%3D%3D=W0MqQp4H9CI%3D&%2Fsie%2BHYZd5EtfqH%2FAStDmvn9hMxDLdhK=b3WyasdCsVnnGTHA3IE6oB%2BdBO0DXQpb&"
        },
        {
          "category": "資格",
          "status": "未読　添付あり",
          "title": "06/17 【資格センター】公安系公務員志望の人へ",
          "link": "/uniprove_pt/UnFunctionJump?ypMDgmAO%2Fo9WpGFC8Hdyug%3D%3D=51BaEcPxGUQ%3D&%2Fsie%2BHYZd5EtfqH%2FAStDmvn9hMxDLdhK=b3WyasdCsVnnGTHA3IE6oB%2BdBO0DXQpb&"
        },
        {
          "category": "資格",
          "status": "既読　添付あり",
          "title": "【重要】 06/16 受付中の「公務員準備（人物+作文）講座」重要補足説明",
          "link": "/uniprove_pt/UnFunctionJump?ypMDgmAO%2Fo9WpGFC8Hdyug%3D%3D=jp5t18wy5l4%3D&%2Fsie%2BHYZd5EtfqH%2FAStDmvn9hMxDLdhK=b3WyasdCsVnnGTHA3IE6oB%2BdBO0DXQpb&"
        },
        {
          "category": "資格",
          "status": "未読　添付あり",
          "title": "06/13 【資格センター】２級FP講座〔予約〕申込受付中！",
          "link": "/uniprove_pt/UnFunctionJump?ypMDgmAO%2Fo9WpGFC8Hdyug%3D%3D=GugQzDlM924%3D&%2Fsie%2BHYZd5EtfqH%2FAStDmvn9hMxDLdhK=b3WyasdCsVnnGTHA3IE6oB%2BdBO0DXQpb&"
        },
        {
          "category": "資格",
          "status": "未読　添付あり",
          "title": "06/13 【２年生対象】「公務員 二次試験対策講座」申込受付中です",
          "link": "/uniprove_pt/UnFunctionJump?ypMDgmAO%2Fo9WpGFC8Hdyug%3D%3D=PCGY9ttHCwk%3D&%2Fsie%2BHYZd5EtfqH%2FAStDmvn9hMxDLdhK=b3WyasdCsVnnGTHA3IE6oB%2BdBO0DXQpb&"
        }
      ]
    },
    {
      "id": "newslist_05",
      "title": "国際・留学",
      "entries": [
        {
          "category": "留学",
          "status": "未読",
          "title": "06/20 留学生と七夕体験！7/2（水）昼イベント",
          "link": "/uniprove_pt/UnFunctionJump?ypMDgmAO%2Fo9WpGFC8Hdyug%3D%3D=cemWu6Ihqwo%3D&%2Fsie%2BHYZd5EtfqH%2FAStDmvn9hMxDLdhK=b3WyasdCsVnnGTHA3IE6oB%2BdBO0DXQpb&"
        },
        {
          "category": "留学",
          "status": "未読",
          "title": "06/19 交換留学への道を手厚くサポート！【全額補助】対策講座説明・体験談会（6/25）事前申込受付中！",
          "link": "/uniprove_pt/UnFunctionJump?ypMDgmAO%2Fo9WpGFC8Hdyug%3D%3D=iwZrnWbMO5s%3D&%2Fsie%2BHYZd5EtfqH%2FAStDmvn9hMxDLdhK=b3WyasdCsVnnGTHA3IE6oB%2BdBO0DXQpb&"
        },
        {
          "category": "留学",
          "status": "未読　添付あり",
          "title": "06/16 【お知らせ】台湾留学フェア(IN大阪中華学校)について",
          "link": "/uniprove_pt/UnFunctionJump?ypMDgmAO%2Fo9WpGFC8Hdyug%3D%3D=KCmfRofEKIo%3D&%2Fsie%2BHYZd5EtfqH%2FAStDmvn9hMxDLdhK=b3WyasdCsVnnGTHA3IE6oB%2BdBO0DXQpb&"
        },
        {
          "category": "留学",
          "status": "未読",
          "title": "06/12 6/13(金）夕方！「それ、言ってよ先に。展」参加無料・海外のお菓子あり！",
          "link": "/uniprove_pt/UnFunctionJump?ypMDgmAO%2Fo9WpGFC8Hdyug%3D%3D=PFhYtkkgn%2BY%3D&%2Fsie%2BHYZd5EtfqH%2FAStDmvn9hMxDLdhK=b3WyasdCsVnnGTHA3IE6oB%2BdBO0DXQpb&"
        },
        {
          "category": "留学",
          "status": "未読　添付あり",
          "title": "06/12 夏休みの英語資格対策なら eラーニング講座（申込：7/1～ 7/18）",
          "link": "/uniprove_pt/UnFunctionJump?ypMDgmAO%2Fo9WpGFC8Hdyug%3D%3D=sZGysE84%2B0M%3D&%2Fsie%2BHYZd5EtfqH%2FAStDmvn9hMxDLdhK=b3WyasdCsVnnGTHA3IE6oB%2BdBO0DXQpb&"
        },
        {
          "category": "留学",
          "status": "未読",
          "title": "06/11 本日締切！TOEFL ITP団体試験申込（6/21実施）",
          "link": "/uniprove_pt/UnFunctionJump?ypMDgmAO%2Fo9WpGFC8Hdyug%3D%3D=LuiMfTojYyY%3D&%2Fsie%2BHYZd5EtfqH%2FAStDmvn9hMxDLdhK=b3WyasdCsVnnGTHA3IE6oB%2BdBO0DXQpb&"
        }
      ]
    },
    {
      "id": "newslist_06",
      "title": "全般",
      "entries": [
        {
          "category": "全般",
          "status": "未読",
          "title": "【重要】 05/09 【注意喚起】インド・パキスタンへの渡航について",
          "link": "/uniprove_pt/UnFunctionJump?ypMDgmAO%2Fo9WpGFC8Hdyug%3D%3D=da88ueYe%2BGM%3D&%2Fsie%2BHYZd5EtfqH%2FAStDmvn9hMxDLdhK=b3WyasdCsVnnGTHA3IE6oB%2BdBO0DXQpb&"
        }
      ]
    },
    {
      "id": "newslist_07",
      "title": "呼出",
      "entries": []
    }
  ]
}