{
  "action": "glexa_modal_entry_form_accept",
  "classId": "85141",
  "directoryId": "0",
  "entryId": "45263",
  "uniqid": "9b1e9f349a4cbac489d766f93e8cc96b21e4b559d45097b97bc4c82370993158",
  "messages": [
    "出席を受付中です",
    "出席ボタンをクリックしてください"
  ]
}