{
  "items": [
    {
      "id": "class-news-238195",
      "title": "Powershell の日本語について",
      "bodyHtml": "<span>まず、9回目の課題について：<br><br>内部の変数の意味</span><br><span>OPENリスト、CLOSEDリストのコンピュータ内部の表現</span><br><span>既に訪問した頂点の判定や処理</span><br><span>スタックの処理</span><br><span>など、どうなっているのかな？と思いながら、読み進めよう。</span><br><span>（教科書は文章で説明しています。負けないこと）</span><br><br><span>Powershellで\n                        | を使うとおかしい、という人：\n                        UTF-8にさらに2種類あり、問題を起こしているかもしれません。BOMという情報です。これをヒントに、Powershell側、下にあるUTF-8とあるあたりを触り、コードを変更します。どちらかにするとうまくいきます。</span>"
    },
    {
      "id": "class-news-238117",
      "title": "9回目の課題について (〆切は、授業中に）",
      "bodyHtml": "鈴木先生の課題レポート、がんばってください。<br><br>今回９回目のデータ構造の課題は、〆切を火曜日までにします。<br>それでも間に合わないという場合、10回目の課題にあわせて提出も認めます（減点します）。<br>メールでは提出しないこと（そちらからは1通でも、受ける側は大量になっています）。<br>ご協力を。<br><br><span>プログラムについて：</span><br><br><span>問6.1の巻末解答を参考に。リストやスタックを準備している部分は読み飛ばしてよい。</span><br><span>（私たちは、STEP5.3にあるように、list.oとstackqueue.oを再利用します）</span><br><br><span>main関数に注目。図6.6と教科書解説、STEP5.4や授業のPDFを基に、コードを吟味する。</span><br><span>とくに、図6.6の最後のforループが何をしているか、コードではどう書くのかに注目。</span><br><br><span>-&gt;\n                        演算子が読めないと、forのあたり読めない（もちろん、書けない）。じっくり考えてみてください。 -&gt;\n                        演算子の絵を書こう。アドレス（ポインター変数）から、構造体にアクセスしているときの表記法でした。</span><br><br><br><span>レポートについて：</span><br><span>章立てを行い、レポート形式を整えてください。</span><br><span><br>1.\n                        はじめに</span><br><span>2. プログラム　（探索部分とmainだけでいい）(自分のコメントをつけること）</span><br><span>3.\n                        実行例　（例題の実行例とは異なるものも）</span><br><span>4.\n                        おわりに　（木が与えられたら、到達に最悪のノードはどの位置のノードかな）<br></span><span></span>\n                    <ul>\n                        <li>今回のレポートには、リストやスタックキューのソースコードを、「絶対に」つけないこと</li>\n                    </ul>"
    },
    {
      "id": "class-news-229127",
      "title": "(４月) 受講生の皆さんへ （授業アンケート、ルーブリック）",
      "bodyHtml": "<span>アルゴリズム２は、アルゴリズム１の受講が前提になっています。まず、</span><span>二重ループまでのＣプログラミング、計算量の基礎、レポートの形式について、復習をしておいてください。<br></span><br><span>アルゴリズム２は、アルゴリズム１よりもＣ言語のレベルがぐんと上がっていきます。長谷川先生のＣ言語２の話題を使います。1年生の2つのＣ言語プログラミングの授業を追いかけながら、アルゴリズム１と２でセットになっている授業です。</span><br><br><span>先輩たちの<a href=\"https://manabo.cnc.chukyo-u.ac.jp/addon/fdcheck/assessment/summary/32927\" target=\"_blank\" rel=\"noopener\">授業アンケート</a>についても、目を通しておいてください。また、わからないときはTAの皆さんにどんどん相談を。</span><br><br><span>教科書の話題を解説している授業です。パワーポイントだけの授業ではありません。授業前後には、教科書の文章をしっかり読み込んでみてほしいと思います。シラバスに沿って進みます。</span><br><br><span>プログラミングに関するIT技術の基礎は「アルゴリズム」と「データサイエンス」という時代になってきています。キャリアを意識しながら、適切な履修を行ってください。<br><br>------------------------------------------<br>ルーブリック<br><br>・\n                        スタートは左の一番上です。左から右に評価、上から下へと話題が進んでいきます。<br><br>・ 最初の３つの行は、レポートの構成に対応しています。<br></span>\n                    <br><img src=\"/common/images/icons/pdf.png\" alt=\"\" class=\"icon\"> <a href=\"/file/MjsHJcjzGc/\" target=\"_blank\">ルーブリックアルゴ2(土屋).pdf</a>"
    },
    {
      "id": "class-news-229175",
      "title": "出席の扱いと教室内の注意",
      "bodyHtml": "授業最後に、MaNaboで授業のポイント確認アンケートを行います。<br>（出席していないのに回答する人のことは考慮していません）<br>--------<br><span>（私の）この授業では、出席数は成績に加味しません。特別な理由がなければ、病欠や大会出席など、欠席を連絡する必要はありません。出席扱いはしません。<br><br>5回までは減点はありませんが、6回以上の欠席はテストを受験できません（受験に2/3の出席が必要なのは全学ルール。授業は15回なので正直、緩いよね。また必修科目では、家庭から連絡があれば、出席情報などを開示します）</span><br><br><span>MaNaBoの仕組み上、教室以外からも出席関係のアクションにアクセスができてしまうこと（ついでにSNSなどで在籍者だけに示すコードを伝えること）については、学科会議で話題になっています。今後は、出席を不正に登録したことが検知されてしまわないように、ご注意を。</span><br><br><span>授業中の教室で出席者に不快に思われていること：飲食（おやつや食事）、ヘッドフォンやイヤホンで音楽を聴く（音漏れ）、スマホで漫画を読む（ゲームをするなど）、授業と関係なく、静かにしないでいること。</span><br><br><span>「指摘されないから、やってよい」とは思っていないはず。協力を。</span>"
    },
    {
      "id": "class-news-229136",
      "title": "（出席確認） MaNaBoのまとめアンケートに答えたかどうかを確認したい",
      "bodyHtml": "自分で確認すること（私にMaNaBoで依頼しないこと。この話題には返信しません）<br><br>マイページから、アクティビティ。<br>検索機能をつかって、まとめアンケートへのアクションだけに限定してください。<br><br>（数え方を教えてくれた皆さん、ありがとう。やり方が広まると思いますので、助けてもらって/あげてください）"
    },
    {
      "id": "class-news-229126",
      "title": "授業のウェブページ、情報センターのウェブページ",
      "bodyHtml": "<a href=\"http://openweb.chukyo-u.ac.jp/z190119/algo2/index.html\">データ構造とアルゴリズム2<br><br></a><a href=\"http://openweb.chukyo-u.ac.jp/z190119/index.html\">担当科目の一覧ページ</a><br><br><a href=\"https://www.chukyo-u.ac.jp/student-staff/it/staff.html\">中京大学　情報センター</a>　（障害確認）"
    },
    {
      "id": "class-news-229139",
      "title": "2024年度のテスト結果（得点だけ連絡、追加課題連絡あり）",
      "bodyHtml": "<br>課題とレポート 70%\n                    (課題は、ナップザックまで14つ）<br><span><br>アルゴ1と同様に、課題は14個あり70点分と考えると1つ5点。テストをマークの25点+アルファと考えれば、合否の大まかな予想ができると思います（ただし、マークテストは6割の得点が合格条件でした）。課題は提出したから5点ではありませんし、0点もあります。</span><br><br><span>課題は授業で回答を示しています。私からのコメント、正解例のコードや時間計算量分析との対応などを通して、◎（よい）、〇（標準）、△（ちょっと誤りや不適切さが目立つ）、×（誤り、不適切）(0点の場合あり)\n                        くらいで自己評価してみてください。</span><br><br>定期試験　30%　(20問を25点換算する予定です）<br><br>----<br>平均 14.8\n                    (23年度は13.50 22年度は15.8)<br><br>(得点の度数分布）<br>7 ?-\n                    dosuu.<br>6:*<br>7:<br>8:**<br>9:<br>10:****<br>11:*****<br>12:******<br>13:*******<br>14:*******<br>15:************<br>16:*****<br>17:**********<br>18:*********<br>19:****<br>20:****　（高得点者も多いね）<br><br>（各問題の正答率）<br>9\n                    ?-\n                    seitou.<br>1:88.1<br>2:85.5<br>3:57.8<br>4:72.3<br>5:59.2　（資格試験問題。配列を使用したリストの実装法）<br>6:48.6　（最低正答率）<br>7:72.3<br>8:89.4<br>9:88.1<br>10:76.3<br>11:89.4<br>12:84.2<br>13:92.1　（ダイクストラ法が最高正答率）<br>14:80.2<br>15:55.2　（正答率が低い。不思議）<br>16:80.2<br>17:80.2<br>18:56.5<br>19:72.3<br>20:52.6<br><br>去年と同じような内容の出題のつもりだけど、国語問題への弱さが目立つ。解説を読んだり、解説を書いてみる、練習をしよう。"
    },
    {
      "id": "class-news-229123",
      "title": "アルゴリズムの学習支援を実践研究している研究者たちから",
      "bodyHtml": "<span>他の大学の先生から、2つのサイトの推薦があります。</span><br><br><span>1.\n                        アルゴリズム図鑑　</span><br><span>　この言葉で検索してみてください。アプリです。</span><a href=\"https://www.shoeisha.co.jp/book/detail/9784798149776\">書籍</a><span>もあります。急いで答えに行ってしまうので、授業のあと、復習のために見てもらったほうがよいかも</span><br><br><span>2.\n                        Python\n                        tutor</span><br><span>　コードの実行過程について、コンピュータ内部のイメージを表現します。Python以外の言語にも使えます。Cのリンクは、</span><a href=\"https://pythontutor.com/c.html#mode=edit\">ここ</a>"
    },
    {
      "id": "class-news-229130",
      "title": "workspaceの中を整理しよう！ gcc -oがおかしい人へ",
      "bodyHtml": "(1) プログラム開発に関するファイルやフォルダー（ディレクトリ）名は、半角英数。スペースは使わないこと。<br>(2)\n                    .vscodeというフォルダーの下に、プログラムを置かないこと。このフォルダーは、vscodeの設定ファイルを置くところ。プログラムを置くべき場所ではありません。<br><br>workspaceの下に、各授業のフォルダーを作り、整理しなおそう！<br>（この作業は、デスクトップからやると楽でよいね）<br><br>(3)\n                    移動は、cd コマンド。最初はworkspaceにいるのではないかな。<br>cd algo2<br>cd\n                    1102<br>などと移動してみよう。<br>ls<br>として、どんなファイルがあるか確かめよう<br><br><br>(4) main.c や\n                    swap.cがなくても、gcc -c はできてしまう。gcc\n                    -oは、失敗します。<br>だから、本当に、作ったファイルのある場所にいるかどうか確かめて。<br>lsのほか、ファイルの中身を確かめよう<br>cat\n                    main.c<br>1時間目には、空の人が多数。サイズも0になっています。<br><br>ファイルのある場所に移動して、作業を。"
    },
    {
      "id": "class-news-229122",
      "title": "VSコードの自動整形",
      "bodyHtml": "<strong>VS Code コードの自動整形用キー</strong>\n                    <div class=\"margin-sm\">Windows&nbsp; &nbsp;Shift Alt F<br>Mac Option\n                        F<br><br>設定されていれば、各言語ごとに整形されます。<br>C言語は、いわゆるBSDオールマンスタイルに。</div>"
    },
    {
      "id": "class-news-229121",
      "title": "Powershell（VSコードのターミナル）の必須コマンド",
      "bodyHtml": "<span>Windows10では、Shift + マウスの右クリックのメニューから</span><br><span>Window\n                        11では、右クリック　のメニューから</span><br><br><span>Power Shellのターミナルウィンドウが起動します。(MS CodeのターミナルもPower\n                        Shell)</span><br><br><span>最低限のコマンド：</span><br><span>ls　　　　&nbsp;\n                        (リスト。ファイルの一覧）</span><br><span>pwd　（Print Workig Directory 作業ディレクトリ名の出力）</span><br><span>cd\n                        ..&nbsp; &nbsp; (一つ上へ、change directory)</span><br><span>cd algo2&nbsp;\n                        &nbsp;(algo2ディレクトリへ移動)</span><br><span>./実行ファイル　(カレントディレクトリの下の実行ファイルの実行。./\n                        はここにある、というイメージ）</span><br><br><br><span>cp ファイル名　ファイル名</span><br><span>mv\n                        ファイル名　場所&nbsp;</span><br><span>(例) mv ../myfile1 .\n                        (一つ上のmyfle1を、ここへ移動)</span><br><br><span>alias&nbsp; &nbsp;(コマンド短縮と本当のコマンドの対象一覧。UNIXコマンドやMS\n                        DOSコマンドの一部が置き換えされています)</span><br><br><span>$env:path\n                        (path変数がどうなっているかを出力）</span><br><span>get-command コマンド名 (pathのどこに、コマンドがあるかを出力）</span>"
    },
    {
      "id": "class-news-229124",
      "title": "（教務）（学生生活）勉強カフェ、いろいろな相談先情報",
      "bodyHtml": "<br><a href=\"http://openweb.chukyo-u.ac.jp/z190119/info/advice.html\" target=\"_blank\" rel=\"noopener\">関連情報ページ</a><br>相談しやすい人、部署へ声をかけてください。<br>同じ学科の先生に相談しにくければ、他の学科の教員でかまいません。<br><br><span>勉強カフェ：金曜日４時間目、11号館の3階が会場です。11号館のエレベータで3階にあがると、すぐにわかります。4月12日からです。</span><br><br><span>大学には、身体の保健室のほか、心や学習の保健室（あるいは問題の解消に向けた支援室）があります。不安や落ち込み、やる気、友人関係の問題、学習の問題、学費や生活の問題など、広く大学の学生生活について、気にかかっていることがあれば、学生サポートセンターのアドバイザーの皆さんに、お話してみてください。最初の一歩には、リーフレットにあるQRコードから相談センターのフォームを検索して利用したり、直通の電話を利用してみてください。<br><br><br></span><span></span><br><span>&nbsp;</span><a href=\"https://manabo.cnc.chukyo-u.ac.jp/file/WfpFCVsJMm/\" target=\"_blank\" rel=\"noopener\">center.pdf</a>"
    },
    {
      "id": "class-news-229119",
      "title": "（進学） 大学院関係",
      "bodyHtml": "4月3日に開催された大学院の中間発表会(修士2年生、博士2年生)の発表会のプログラムです。「機械学習とデータオーグメンテーション」を利用したテーマが多くなっています。<br><br>５月に大学院進学ガイダンスが予定されています。これからの進路選択には、就職と進学の両方を見てもらえれば、と思います。\n                    <br><img src=\"/common/images/icons/pdf.png\" alt=\"\" class=\"icon\"> <a href=\"/file/ZPaKE7WywM/\" target=\"_blank\">中間発表最終版.pdf</a>"
    },
    {
      "id": "class-news-229118",
      "title": "(人工知能高等研究所) 中京大学公開講座 ソフトサイエンスシリーズ",
      "bodyHtml": "<a href=\"https://www.iasai.chukyo-u.ac.jp/softscience.html\" target=\"_blank\" rel=\"noopener\">過去の講演会</a>は、人工知能高等研究所（中京大学）と名古屋市科学館が共催し、市民講座として公開されてきました。2019年度からは主に高校生や学部生に向けた講演会へ変わってきています。<br>2021年度からの講演はビデオ収録でしたので、まだ視聴することができます。<br><br>2021年度は、医療画像処理とAIに関する素晴らしい講演でした。先生が丁寧な準備をされています。画像処理をテーマとする学部生は必見の内容です。<br><br>22年度は、自動運転技術やスマートシティー構想を支える情報技術開発の現状や未来に関する講演です。<br><br>23年度は、ウェアラブルデバイスを身につけたユーザたちの未来に関する講演です。講演者の先生は、スマートグラス（メガネ）をつけて講演されています。<br><br>24年度からは、対面講座となっています。"
    }
  ]
}