{
  "success": true,
  "html": null,
  "error": "",
  "message": null,
  "data": {
    "is_accepted": 1
  }
}