{
  "message": "現在システムからのお知らせはありません",
  "items": []
}