{
    "title": "Re: Re: Re: ゼミ応募メール確認のお願い",
    "replyMailId": "15313350",
    "fromMemberId": "13452",
    "nextMailId": "15312445",
    "senderName": "ラシキア 城治",
    "senderImage": "/common/images/noimage-member.jpg",
    "sentAt": "ラシキア 城治 2025年6月20日(金) 19:27",
    "bodyHtml": "中京さん<br><br>お疲れ様です。<br>以下から面接のご都合の良い日時(第3希望まで)を教えてください。<br>日時が合わない場合はまた別で考えます。<br><br>23日(月)14:30<br>23日(月)16:00<br>23日(月)16:30<br>23日(月)\n                17:00<br>23日(月) 17:30<br>23日(月)\n                18:00<br><br>26日(木)15:00<br>26日(木)15:30<br>26日(木)16:00<br>26日(木)16:30<br>26日(木)17:00<br>26日(木)17:30<br><br>27日(金)\n                15:30<br>27日(金) 16:00<br>27日(金) 16:30<br>27日(金) 17:00<br>27日(金)\n                17:30<br><br>よろしくお願いします。<br><br><br><br>&gt; ご確認ありがとうございます。<br>&gt; <br>&gt;\n                メールの内容を再送させていただきます。確認いただけると幸いです。<br>&gt; <br>&gt; 学籍番号, 氏名：t324000, 中京 太郎<br>&gt; <br>&gt;\n                志望理由：<br>&gt; <br>&gt; 私は、ラシキアゼミの「開発を重視した研究スタイル」や、ゼミ生同士が切磋琢磨しながら成長できる環境に強く魅力を感じ、志望いたしました。<br>&gt;\n                <br>&gt; 現在、私は学内ポータルサイトのネイティブアプリラッパーの開発をはじめ、ラシキアゼミで進行中の傘プロジェクトへの参加など、積極的にソフトウェア開発に取り組んでおります。<br>&gt;\n                <br>&gt; また、ハッカソンにも積極的に出場しており、受賞経験もございます。<br>&gt; <br>&gt; これまでの経験から、開発への情熱と技術力には自信があります。\n                &nbsp;<br>&gt; 本ゼミでの活動を通じて、さらに技術力を高めるとともに、チームでの協働や実践力を磨いていきたいと考えております。<br>&gt; <br>&gt;\n                ぜひ、面接の機会をいただけますと幸いです。<br>&gt; 何卒よろしくお願いいたします。<br>&gt; <br>&gt; &gt; お疲れ様です。<br>&gt; &gt;\n                届いてないです。<br>&gt; &gt; 面接の日程についてまた連絡します。<br>&gt; &gt; <br>&gt; &gt; &gt; ラシキア教授<br>&gt; &gt; &gt;\n                お忙しいところ恐れ入ります。<br>&gt; &gt; &gt; 工学部情報工学科 t324000 中京太郎です。<br>&gt; &gt; &gt; <br>&gt; &gt; &gt;\n                先日お送りしたゼミ応募に関するメールはご確認いただけましたでしょうか。<br>&gt; &gt; &gt;\n                もしご確認いただけておりましたら、ご多忙のところ恐縮ですが、ご返信をいただけますと幸いです。<br>&gt; &gt; &gt;"
}
