{
    "object": "「アルゴリズムとデータ構造１」の学習内容を深め、様々なデータ構造と、それらを取り扱う基本的なアルゴリズムの理解を通して、アルゴリズムの設計や解析をするための基本的な手法の修得を指導する。この授業の目標は、実際にコンピュータプログラムを作成する際に、問題に適切なデータ構造とアルゴリズムを利用、選択できるようになることである。授業は講義形式およびプログラミング演習を通して行う。アルゴリズムとデータ構造2では、主にリスト、木などの基本的なデータ構造の利用方法・実現方法を解説する。",
    "goal": [
        "基本的なデータ構造とその操作アルゴリズムについて、コンピュータモデルと情報数学に基づく説明と分析ができる。",
        "基本的なデータ構造とその操作アルゴリズムについて、C言語を用いてプログラムできる。特に、メモリ管理を必要とするデータ構造の実装を行える。"
    ],
    "method": "【面接授業】全ての回を対面にて実施します。座席指定はしない。講義は教科書と教科書を補完するパワーポイントを用いて進め、配布資料を追加することもある。パワーポイントと配布資料はPDFをMaNaBoで公開する。講義のほかに、随時、実習を行う。ほぼ毎回の授業で、リアルタイムにMaNaBo上で演習を行い、活動の様子（クイズ集計結果やフォーラム討論の様子）を共有する。各自のコンピュータを使用する実習を行う場合もある。講義後提出〆切の課題については、次の週に解説を行う。",
    "usedMethods": ["板書", "スライド（パワーポイント等）の使用", "板書・スライド以外の視聴覚教材の使用"],
    "evaluation": [
        { "type": "課題・レポート", "weight": "70%" },
        { "type": "定期試験", "weight": "30%" }
    ],
    "textbooks": [
        {
            "type": "教科書・教材",
            "title": "広瀬貞樹 \"あるごりずむ\" 近代科学社。MaNaBoのほか、授業用のウェブページを使用する。授業中に使用する電子資料の配布元や課題の提出先のURIは授業中に指定する。"
        }
    ],
    "references": [
        { "title": "Cプログラマのためのアルゴリズムとデータ構造", "code": "4797304952" },
        { "title": "アルゴリズムとデータ構造", "code": "9784901683999" },
        { "title": "Pythonで体験してわかるアルゴリズムとデータ構造", "code": "784764905702" }
    ],
    "officeHour": "授業後のほか、電子メール（アドレスは授業中に通知）に対応する",
    "plan": [
        { "no": 1, "item": "マージと分割統治法", "content": "マージとマージソートのアルゴリズムを学び、その実装を行う" },
        { "no": 2, "item": "クイックソート", "content": "クイックソートのアルゴリズムを学び、その実装を行う" },
        { "no": 3, "item": "構造体、ポインターによるデータ構造の定義", "content": "構造体やポインタを用いるデータ構造の定義と例題プログラムを学ぶ" },
        { "no": 4, "item": "リスト構造", "content": "リスト構造とは何か、どのような情報を表現するのに適しているのかを学ぶ" },
        { "no": 5, "item": "リスト構造の実現", "content": "リスト構造に関する例題プログラムを作成する" },
        { "no": 6, "item": "スタックとキュー", "content": "スタックとキューとは何か、どのような情報を表現するのに適しているのかを学ぶ" },
        { "no": 7, "item": "スタックとキューの実現", "content": "スタックとキューを用いた例題プログラムを作成する" },
        { "no": 8, "item": "グラフ", "content": "グラフとは何か、どのような情報を表現するのに適しているのかを学ぶ" },
        { "no": 9, "item": "グラフの基本探索アルゴリズム", "content": "グラフ上の基本探索アルゴリズムを学ぶ" },
        { "no": 10, "item": "グラフの基本探索アルゴリズムの実現", "content": "基本探索アルゴリズムの例題プログラムを作成する" },
        { "no": 11, "item": "洗練された探索アルゴリズム", "content": "重み付きグラフや評価関数を利用する探索法を学ぶ" },
        { "no": 12, "item": "木構造と二分探索木", "content": "木構造と二分探索木とは何か、その特徴とどのような情報を表現するのに適しているのかを学ぶ" },
        { "no": 13, "item": "二分探索木の実現と基本操作", "content": "二分探索木に関する基本操作アルゴリズムを学び、プログラミングを行う" },
        { "no": 14, "item": "ヒープ", "content": "ヒープとは何か、どのような情報を表現するのに適しているのかを学ぶ" },
        { "no": 15, "item": "ヒープの実現と基本操作", "content": "ヒープに関する基本操作アルゴリズムを学び、プログラミングを行う" }
    ],
    "comment": "2では、構造体、ポインターとアドレス、メモリ管理、再帰を利用するＣ言語プログラミングが必須です。プログラミング演習には、十分な自習時間を確保すること。MaNaBoを利用して質問の機会を準備します。TAの皆さんにどんどん質問して、アドバイスをもらってください。",
    "prePostStudy": "授業の前後に、毎回のテーマについて教科書の該当ページに目を通し、専門的な記述法と形式的な表現法を確認すること。特に授業後は教科書の文章を注意深く読みなおしておくこと(1時間程度)。ほぼ毎週プログラミングを中心とした課題がありレポートの作成を行う。提出までに1時間程度を予定すること。課題返却時に指示やコメントがあった場合は、次の課題に必ず反映させること。"
}
