{
  "members": [
    {
      "memberId": "31590",
      "name": "キャリア支援課",
      "image": "/common/images/noimage-member.jpg"
    },
    {
      "memberId": "23281",
      "name": "教育推進センター（アンケート）",
      "image": "/common/images/noimage-member.jpg"
    },
    {
      "memberId": "31899",
      "name": "自己成長評価アンケート(工)",
      "image": "/common/images/noimage-member.jpg"
    },
    {
      "memberId": "13452",
      "name": "ラシキア 城治",
      "image": "/common/images/noimage-member.jpg"
    },
    {
      "memberId": "13560",
      "name": "バサーケ イアン",
      "image": "/common/images/noimage-member.jpg"
    }
  ]
}